// Jest Snapshot v1, https://goo.gl/fbAQLP

exports[`Portal should work in a simple case 1`] = `<div />`;
